127.0.0.1 - - [02/Aug/2015:07:43:18 -0500] "OPTIONS * HTTP/1.0" 200 152 "-" "Apache/2.2.22 (Ubuntu) (internal dummy connection)"
127.0.0.1 - - [02/Aug/2015:07:43:18 -0500] "OPTIONS * HTTP/1.0" 200 152 "-" "Apache/2.2.22 (Ubuntu) (internal dummy connection)"
127.0.0.1 - - [02/Aug/2015:07:43:18 -0500] "OPTIONS * HTTP/1.0" 200 152 "-" "Apache/2.2.22 (Ubuntu) (internal dummy connection)"
127.0.0.1 - - [02/Aug/2015:07:43:18 -0500] "OPTIONS * HTTP/1.0" 200 152 "-" "Apache/2.2.22 (Ubuntu) (internal dummy connection)"
184.169.155.78 - - [02/Aug/2015:07:50:13 -0500] "HEAD / HTTP/1.1" 302 226 "-" "SiteUptime.com"
184.169.155.78 - - [02/Aug/2015:07:50:13 -0500] "HEAD /IT/ HTTP/1.1" 200 174 "-" "SiteUptime.com"
69.171.227.112 - - [02/Aug/2015:08:05:20 -0500] "GET / HTTP/1.1" 302 347 "-" "facebookexternalhit/1.1 (+http://www.facebook.com/externalhit_uatext.php)"
180.76.15.6 - - [02/Aug/2015:08:06:57 -0500] "GET / HTTP/1.1" 302 264 "-" "Mozilla/5.0 (compatible; Baiduspider/2.0; +http://www.baidu.com/search/spider.html)"
180.76.15.22 - - [02/Aug/2015:08:08:36 -0500] "GET / HTTP/1.1" 302 264 "-" "Mozilla/5.0 (compatible; Baiduspider/2.0; +http://www.baidu.com/search/spider.html)"
180.76.15.147 - - [02/Aug/2015:08:08:59 -0500] "GET /IT/programCurriculum/it-vmware-certified-professional-certificate.pdf HTTP/1.1" 200 36806 "-" "Mozilla/5.0 (compatible; Baiduspider/2.0; +http://www.baidu.com/search/spider.html)"
184.169.155.78 - - [02/Aug/2015:08:20:06 -0500] "HEAD / HTTP/1.1" 302 226 "-" "SiteUptime.com"
184.169.155.78 - - [02/Aug/2015:08:20:06 -0500] "HEAD /IT/ HTTP/1.1" 200 174 "-" "SiteUptime.com"
157.55.39.45 - - [02/Aug/2015:08:38:52 -0500] "GET /IT/coursesoftware.php HTTP/1.1" 200 4999 "-" "Mozilla/5.0 (compatible; bingbot/2.0; +http://www.bing.com/bingbot.htm)"
184.169.155.78 - - [02/Aug/2015:08:51:39 -0500] "HEAD / HTTP/1.1" 302 226 "-" "SiteUptime.com"
184.169.155.78 - - [02/Aug/2015:08:51:39 -0500] "HEAD /IT/ HTTP/1.1" 200 174 "-" "SiteUptime.com"
157.55.39.236 - - [02/Aug/2015:08:57:02 -0500] "GET / HTTP/1.1" 302 347 "-" "Mozilla/5.0 (compatible; bingbot/2.0; +http://www.bing.com/bingbot.htm)"
108.85.188.31 - - [02/Aug/2015:09:04:20 -0500] "GET /favicon.ico HTTP/1.1" 404 511 "http://itins4.madisoncollege.edu/IT/152121advweb/documents/ValidatingSchemaDocumentExchanger.pdf" "Mozilla/5.0 (Macintosh; Intel Mac OS X 10_10_3) AppleWebKit/537.36 (KHTML, like Gecko) Chrome/44.0.2403.125 Safari/537.36"
180.76.15.30 - - [02/Aug/2015:09:05:38 -0500] "GET / HTTP/1.1" 302 264 "-" "Mozilla/5.0 (compatible; Baiduspider/2.0; +http://www.baidu.com/search/spider.html)"
157.55.39.236 - - [02/Aug/2015:09:09:05 -0500] "GET / HTTP/1.1" 302 347 "-" "Mozilla/5.0 (iPhone; CPU iPhone OS 7_0 like Mac OS X) AppleWebKit/537.51.1 (KHTML, like Gecko) Version/7.0 Mobile/11A465 Safari/9537.53 (compatible; bingbot/2.0;  http://www.bing.com/bingbot.htm)"
157.55.39.236 - - [02/Aug/2015:09:09:14 -0500] "GET /IT/ HTTP/1.1" 200 6670 "-" "Mozilla/5.0 (iPhone; CPU iPhone OS 7_0 like Mac OS X) AppleWebKit/537.51.1 (KHTML, like Gecko) Version/7.0 Mobile/11A465 Safari/9537.53 (compatible; bingbot/2.0;  http://www.bing.com/bingbot.htm)"
199.30.25.98 - - [02/Aug/2015:09:09:15 -0500] "GET /IT/css/layout.css HTTP/1.1" 200 465 "http://itins4.madisoncollege.edu/IT/" "Mozilla/5.0 (iPhone; CPU iPhone OS 7_0 like Mac OS X) AppleWebKit/537.51.1 (KHTML, like Gecko) Version/7.0 Mobile/11A465 Safari/9537.53 BingPreview/1.0b"
199.30.25.98 - - [02/Aug/2015:09:09:15 -0500] "GET /IT/js/jquery-ui-1.8.21.custom.min.js HTTP/1.1" 200 52108 "http://itins4.madisoncollege.edu/IT/" "Mozilla/5.0 (iPhone; CPU iPhone OS 7_0 like Mac OS X) AppleWebKit/537.51.1 (KHTML, like Gecko) Version/7.0 Mobile/11A465 Safari/9537.53 BingPreview/1.0b"
199.30.25.98 - - [02/Aug/2015:09:09:16 -0500] "GET /IT/js/slides.min.jquery.js HTTP/1.1" 200 2638 "http://itins4.madisoncollege.edu/IT/" "Mozilla/5.0 (iPhone; CPU iPhone OS 7_0 like Mac OS X) AppleWebKit/537.51.1 (KHTML, like Gecko) Version/7.0 Mobile/11A465 Safari/9537.53 BingPreview/1.0b"
199.30.25.98 - - [02/Aug/2015:09:09:16 -0500] "GET /IT/js/jqueryshow.js HTTP/1.1" 200 447 "http://itins4.madisoncollege.edu/IT/" "Mozilla/5.0 (iPhone; CPU iPhone OS 7_0 like Mac OS X) AppleWebKit/537.51.1 (KHTML, like Gecko) Version/7.0 Mobile/11A465 Safari/9537.53 BingPreview/1.0b"
199.30.25.98 - - [02/Aug/2015:09:09:16 -0500] "GET /IT/js/jquery.cycle.all.min.js HTTP/1.1" 200 7406 "http://itins4.madisoncollege.edu/IT/" "Mozilla/5.0 (iPhone; CPU iPhone OS 7_0 like Mac OS X) AppleWebKit/537.51.1 (KHTML, like Gecko) Version/7.0 Mobile/11A465 Safari/9537.53 BingPreview/1.0b"
199.30.25.98 - - [02/Aug/2015:09:09:16 -0500] "GET /IT/images/witn_linkedin.jpg HTTP/1.1" 200 1415 "http://itins4.madisoncollege.edu/IT/" "Mozilla/5.0 (iPhone; CPU iPhone OS 7_0 like Mac OS X) AppleWebKit/537.51.1 (KHTML, like Gecko) Version/7.0 Mobile/11A465 Safari/9537.53 BingPreview/1.0b"
199.30.25.98 - - [02/Aug/2015:09:09:16 -0500] "GET /IT/images/show/slide-2.jpg?1438524647815 HTTP/1.1" 200 49146 "http://itins4.madisoncollege.edu/IT/" "Mozilla/5.0 (iPhone; CPU iPhone OS 7_0 like Mac OS X) AppleWebKit/537.51.1 (KHTML, like Gecko) Version/7.0 Mobile/11A465 Safari/9537.53 BingPreview/1.0b"
64.73.11.5 - - [02/Aug/2015:09:16:19 -0500] "GET /IT/js/jquery.js HTTP/1.1" 304 212 "-" "Mozilla/4.0 (compatible;)"
184.169.155.79 - - [02/Aug/2015:09:21:04 -0500] "HEAD / HTTP/1.1" 302 226 "-" "SiteUptime.com"
184.169.155.79 - - [02/Aug/2015:09:21:04 -0500] "HEAD /IT/ HTTP/1.1" 200 174 "-" "SiteUptime.com"
208.115.111.72 - - [02/Aug/2015:09:21:47 -0500] "GET /robots.txt HTTP/1.1" 404 483 "-" "Mozilla/5.0 (compatible; DotBot/1.1; http://www.opensiteexplorer.org/dotbot, help@moz.com)"
180.76.15.141 - - [02/Aug/2015:09:28:40 -0500] "GET /IT/152121advweb/documents/Lab12_1.pdf HTTP/1.1" 200 1045360 "-" "Mozilla/5.0 (compatible; Baiduspider/2.0; +http://www.baidu.com/search/spider.html)"
108.85.188.31 - - [02/Aug/2015:09:37:43 -0500] "GET /IT/152121advweb/phpExample/validateFiles.php HTTP/1.1" 200 1049 "-" "Mozilla/5.0 (Macintosh; Intel Mac OS X 10_10_3) AppleWebKit/537.36 (KHTML, like Gecko) Chrome/44.0.2403.125 Safari/537.36"
108.85.188.31 - - [02/Aug/2015:09:37:55 -0500] "POST /IT/152121advweb/phpExample/candidate.php HTTP/1.1" 200 1262 "http://itins4.madisoncollege.edu/IT/152121advweb/phpExample/validateFiles.php" "Mozilla/5.0 (Macintosh; Intel Mac OS X 10_10_3) AppleWebKit/537.36 (KHTML, like Gecko) Chrome/44.0.2403.125 Safari/537.36"
184.169.155.78 - - [02/Aug/2015:09:50:38 -0500] "HEAD / HTTP/1.1" 302 226 "-" "SiteUptime.com"
184.169.155.78 - - [02/Aug/2015:09:50:38 -0500] "HEAD /IT/ HTTP/1.1" 200 174 "-" "SiteUptime.com"
157.55.39.45 - - [02/Aug/2015:09:53:53 -0500] "GET /IT/documents/Career%20Fair%20Registration%20Spring%202014.pdf HTTP/1.1" 200 199628 "-" "Mozilla/5.0 (iPhone; CPU iPhone OS 7_0 like Mac OS X) AppleWebKit/537.51.1 (KHTML, like Gecko) Version/7.0 Mobile/11A465 Safari/9537.53 (compatible; bingbot/2.0;  http://www.bing.com/bingbot.htm)"
179.99.204.128 - - [02/Aug/2015:09:55:22 -0500] "GET /IT/152121advweb/u4webHosting.php/wp-login.php HTTP/1.1" 200 7196 "-" "Mozilla/5.0 (Windows NT 6.1) AppleWebKit/537.1 (KHTML, like Gecko) Chrome/23.0.1271.6 Safari/537.11"
179.99.204.128 - - [02/Aug/2015:09:55:24 -0500] "GET /IT/152121advweb/u4webHosting.php/administrator/ HTTP/1.1" 200 7195 "-" "Mozilla/5.0 (Windows NT 6.1) AppleWebKit/537.1 (KHTML, like Gecko) Chrome/23.0.1271.6 Safari/537.11"
179.99.204.128 - - [02/Aug/2015:09:55:25 -0500] "GET /IT/152121advweb/u4webHosting.php/admin.php HTTP/1.1" 200 7195 "-" "Mozilla/5.0 (Windows NT 6.1) AppleWebKit/537.1 (KHTML, like Gecko) Chrome/23.0.1271.6 Safari/537.11"
180.76.15.137 - - [02/Aug/2015:10:05:01 -0500] "GET /IT/152121advweb/documents/ValidatingSchemaDocumentExchanger.pdf HTTP/1.1" 200 885054 "-" "Mozilla/5.0 (compatible; Baiduspider/2.0; +http://www.baidu.com/search/spider.html)"
157.55.39.207 - - [02/Aug/2015:10:12:03 -0500] "GET /robots.txt HTTP/1.1" 404 540 "-" "Mozilla/5.0 (compatible; bingbot/2.0; +http://www.bing.com/bingbot.htm)"
157.55.39.207 - - [02/Aug/2015:10:14:39 -0500] "GET /IT/ HTTP/1.1" 200 6670 "-" "Mozilla/5.0 (iPhone; CPU iPhone OS 7_0 like Mac OS X) AppleWebKit/537.51.1 (KHTML, like Gecko) Version/7.0 Mobile/11A465 Safari/9537.53 (compatible; bingbot/2.0;  http://www.bing.com/bingbot.htm)"
157.55.39.235 - - [02/Aug/2015:10:14:58 -0500] "GET /IT/js/jquery-1.7.2.min.js HTTP/1.1" 200 33978 "-" "Mozilla/5.0 (iPhone; CPU iPhone OS 7_0 like Mac OS X) AppleWebKit/537.51.1 (KHTML, like Gecko) Version/7.0 Mobile/11A465 Safari/9537.53 (compatible; bingbot/2.0; +http://www.bing.com/bingbot.htm)"
157.55.39.45 - - [02/Aug/2015:10:15:03 -0500] "GET /IT/css/google_cse.css HTTP/1.1" 200 543 "-" "Mozilla/5.0 (iPhone; CPU iPhone OS 7_0 like Mac OS X) AppleWebKit/537.51.1 (KHTML, like Gecko) Version/7.0 Mobile/11A465 Safari/9537.53 (compatible; bingbot/2.0; +http://www.bing.com/bingbot.htm)"
157.55.39.45 - - [02/Aug/2015:10:15:03 -0500] "GET /IT/css/smoothness/jquery-ui-1.8.21.custom.css HTTP/1.1" 200 5411 "-" "Mozilla/5.0 (iPhone; CPU iPhone OS 7_0 like Mac OS X) AppleWebKit/537.51.1 (KHTML, like Gecko) Version/7.0 Mobile/11A465 Safari/9537.53 (compatible; bingbot/2.0; +http://www.bing.com/bingbot.htm)"
157.55.39.236 - - [02/Aug/2015:10:19:51 -0500] "GET /robots.txt HTTP/1.1" 404 540 "-" "Mozilla/5.0 (compatible; bingbot/2.0; +http://www.bing.com/bingbot.htm)"
157.55.39.236 - - [02/Aug/2015:10:19:55 -0500] "GET /IT/152121advweb/XMLExamples/unit2/selection/cstxsl17f.xml HTTP/1.1" 200 4933 "-" "Mozilla/5.0 (compatible; bingbot/2.0; +http://www.bing.com/bingbot.htm)"
184.169.155.78 - - [02/Aug/2015:10:20:12 -0500] "HEAD / HTTP/1.1" 302 226 "-" "SiteUptime.com"
184.169.155.78 - - [02/Aug/2015:10:20:12 -0500] "HEAD /IT/ HTTP/1.1" 200 174 "-" "SiteUptime.com"
157.55.39.236 - - [02/Aug/2015:10:20:54 -0500] "GET /IT/152121advweb/documents/Lab3_1.pdf HTTP/1.1" 200 88570 "-" "Mozilla/5.0 (iPhone; CPU iPhone OS 7_0 like Mac OS X) AppleWebKit/537.51.1 (KHTML, like Gecko) Version/7.0 Mobile/11A465 Safari/9537.53 (compatible; bingbot/2.0;  http://www.bing.com/bingbot.htm)"
180.76.15.161 - - [02/Aug/2015:10:21:13 -0500] "GET /IT/ns.php HTTP/1.1" 200 6534 "-" "Mozilla/5.0 (compatible; Baiduspider/2.0; +http://www.baidu.com/search/spider.html)"
157.55.39.235 - - [02/Aug/2015:10:31:45 -0500] "GET /IT/msdnaa.php HTTP/1.1" 200 5372 "-" "Mozilla/5.0 (iPhone; CPU iPhone OS 7_0 like Mac OS X) AppleWebKit/537.51.1 (KHTML, like Gecko) Version/7.0 Mobile/11A465 Safari/9537.53 (compatible; bingbot/2.0;  http://www.bing.com/bingbot.htm)"
157.55.39.236 - - [02/Aug/2015:10:44:49 -0500] "GET /IT/faculty.php HTTP/1.1" 200 4765 "-" "Mozilla/5.0 (iPhone; CPU iPhone OS 7_0 like Mac OS X) AppleWebKit/537.51.1 (KHTML, like Gecko) Version/7.0 Mobile/11A465 Safari/9537.53 (compatible; bingbot/2.0;  http://www.bing.com/bingbot.htm)"
157.55.39.236 - - [02/Aug/2015:10:45:16 -0500] "GET /IT/css/style.css HTTP/1.1" 200 3179 "-" "Mozilla/5.0 (iPhone; CPU iPhone OS 7_0 like Mac OS X) AppleWebKit/537.51.1 (KHTML, like Gecko) Version/7.0 Mobile/11A465 Safari/9537.53 (compatible; bingbot/2.0; +http://www.bing.com/bingbot.htm)"
157.55.39.236 - - [02/Aug/2015:10:45:16 -0500] "GET /IT/js/jquery-1.7.2.min.js HTTP/1.1" 200 33977 "-" "Mozilla/5.0 (iPhone; CPU iPhone OS 7_0 like Mac OS X) AppleWebKit/537.51.1 (KHTML, like Gecko) Version/7.0 Mobile/11A465 Safari/9537.53 (compatible; bingbot/2.0; +http://www.bing.com/bingbot.htm)"
157.55.39.45 - - [02/Aug/2015:10:45:35 -0500] "GET /IT/js/jquery.js HTTP/1.1" 200 16067 "-" "Mozilla/5.0 (iPhone; CPU iPhone OS 7_0 like Mac OS X) AppleWebKit/537.51.1 (KHTML, like Gecko) Version/7.0 Mobile/11A465 Safari/9537.53 (compatible; bingbot/2.0; +http://www.bing.com/bingbot.htm)"
157.55.39.0 - - [02/Aug/2015:10:45:44 -0500] "GET /IT/css/google_cse.css HTTP/1.1" 200 543 "-" "Mozilla/5.0 (iPhone; CPU iPhone OS 7_0 like Mac OS X) AppleWebKit/537.51.1 (KHTML, like Gecko) Version/7.0 Mobile/11A465 Safari/9537.53 (compatible; bingbot/2.0; +http://www.bing.com/bingbot.htm)"
184.169.155.78 - - [02/Aug/2015:10:50:11 -0500] "HEAD / HTTP/1.1" 302 226 "-" "SiteUptime.com"
184.169.155.78 - - [02/Aug/2015:10:50:11 -0500] "HEAD /IT/ HTTP/1.1" 200 174 "-" "SiteUptime.com"
108.85.188.31 - - [02/Aug/2015:10:55:02 -0500] "GET /IT/152121advweb/phpExample/validateFiles.php HTTP/1.1" 200 1049 "-" "Mozilla/5.0 (Macintosh; Intel Mac OS X 10_10_3) AppleWebKit/537.36 (KHTML, like Gecko) Chrome/44.0.2403.125 Safari/537.36"
108.85.188.31 - - [02/Aug/2015:10:55:43 -0500] "POST /IT/152121advweb/phpExample/candidate.php HTTP/1.1" 200 616 "http://itins4.madisoncollege.edu/IT/152121advweb/phpExample/validateFiles.php" "Mozilla/5.0 (Macintosh; Intel Mac OS X 10_10_3) AppleWebKit/537.36 (KHTML, like Gecko) Chrome/44.0.2403.125 Safari/537.36"
180.76.15.161 - - [02/Aug/2015:11:04:19 -0500] "GET / HTTP/1.1" 302 264 "-" "Mozilla/5.0 (compatible; Baiduspider/2.0; +http://www.baidu.com/search/spider.html)"
180.76.15.138 - - [02/Aug/2015:11:05:50 -0500] "GET / HTTP/1.1" 302 264 "-" "Mozilla/5.0 (compatible; Baiduspider/2.0; +http://www.baidu.com/search/spider.html)"
62.210.251.69 - - [02/Aug/2015:11:10:51 -0500] "POST /wp-content/plugins/simple-ads-manager/sam-ajax-admin.php HTTP/1.1" 404 543 "-" "Mozilla/5.0 (Windows NT 6.1; rv:34.0) Gecko/20100101 Firefox/34.0"
208.115.111.72 - - [02/Aug/2015:11:12:42 -0500] "GET /mita/code-of-conduct/ HTTP/1.1" 301 637 "-" "Mozilla/5.0 (compatible; DotBot/1.1; http://www.opensiteexplorer.org/dotbot, help@moz.com)"
65.55.210.0 - - [02/Aug/2015:11:15:21 -0500] "GET /IT/images/show/slide-2.jpg?1438532211875 HTTP/1.1" 200 49146 "http://itins4.madisoncollege.edu/IT/" "Mozilla/5.0 (iPhone; CPU iPhone OS 7_0 like Mac OS X) AppleWebKit/537.51.1 (KHTML, like Gecko) Version/7.0 Mobile/11A465 Safari/9537.53 BingPreview/1.0b"
157.55.39.207 - - [02/Aug/2015:11:20:35 -0500] "GET /robots.txt HTTP/1.1" 404 536 "-" "Mozilla/5.0 (compatible; bingbot/2.0; +http://www.bing.com/bingbot.htm)"
184.169.155.78 - - [02/Aug/2015:11:21:30 -0500] "HEAD / HTTP/1.1" 302 226 "-" "SiteUptime.com"
184.169.155.78 - - [02/Aug/2015:11:21:30 -0500] "HEAD /IT/ HTTP/1.1" 200 174 "-" "SiteUptime.com"
180.76.15.135 - - [02/Aug/2015:11:33:06 -0500] "GET /IT/css/style.css HTTP/1.1" 200 3141 "-" "Mozilla/5.0 (compatible; Baiduspider/2.0; +http://www.baidu.com/search/spider.html)"
209.163.151.243 - - [02/Aug/2015:11:33:39 -0500] "GET / HTTP/1.0" 302 264 "-" "-"
209.163.151.243 - - [02/Aug/2015:11:37:22 -0500] "GET /htdocs/index.php HTTP/1.1" 404 534 "-" "Mozilla/5.0 (Macintosh; Intel Mac OS X 10_6_8) AppleWebKit/535.1 (KHTML, like Gecko) Chrome/13.0.782.220 Safari/535.1"
209.163.151.243 - - [02/Aug/2015:11:38:31 -0500] "GET / HTTP/1.0" 302 264 "-" "-"
209.163.151.243 - - [02/Aug/2015:11:38:31 -0500] "GET / HTTP/1.1" 302 302 "-" "Mozilla/5.0 (Macintosh; Intel Mac OS X 10_6_8) AppleWebKit/535.1 (KHTML, like Gecko) Chrome/13.0.782.220 Safari/535.1"
209.163.151.243 - - [02/Aug/2015:11:38:33 -0500] "GET / HTTP/1.1" 302 245 "-" "Mozilla/5.0 (Macintosh; Intel Mac OS X 10_6_8) AppleWebKit/535.1 (KHTML, like Gecko) Chrome/13.0.782.220 Safari/535.1"
209.163.151.243 - - [02/Aug/2015:11:38:34 -0500] "GET / HTTP/1.1" 302 245 "-" "Mozilla/5.0 (Macintosh; Intel Mac OS X 10_6_8) AppleWebKit/535.1 (KHTML, like Gecko) Chrome/13.0.782.220 Safari/535.1"
209.163.151.243 - - [02/Aug/2015:11:38:35 -0500] "GET / HTTP/1.1" 302 245 "-" "Mozilla/5.0 (Macintosh; Intel Mac OS X 10_6_8) AppleWebKit/535.1 (KHTML, like Gecko) Chrome/13.0.782.220 Safari/535.1"
209.163.151.243 - - [02/Aug/2015:11:38:36 -0500] "GET / HTTP/1.1" 302 245 "-" "Mozilla/5.0 (Macintosh; Intel Mac OS X 10_6_8) AppleWebKit/535.1 (KHTML, like Gecko) Chrome/13.0.782.220 Safari/535.1"
209.163.151.243 - - [02/Aug/2015:11:38:37 -0500] "GET / HTTP/1.1" 302 245 "-" "Mozilla/5.0 (Macintosh; Intel Mac OS X 10_6_8) AppleWebKit/535.1 (KHTML, like Gecko) Chrome/13.0.782.220 Safari/535.1"
209.163.151.243 - - [02/Aug/2015:11:38:38 -0500] "GET / HTTP/1.1" 302 245 "-" "Mozilla/5.0 (Macintosh; Intel Mac OS X 10_6_8) AppleWebKit/535.1 (KHTML, like Gecko) Chrome/13.0.782.220 Safari/535.1"
209.163.151.243 - - [02/Aug/2015:11:38:39 -0500] "GET / HTTP/1.1" 302 245 "-" "Mozilla/5.0 (Macintosh; Intel Mac OS X 10_6_8) AppleWebKit/535.1 (KHTML, like Gecko) Chrome/13.0.782.220 Safari/535.1"
209.163.151.243 - - [02/Aug/2015:11:38:40 -0500] "GET / HTTP/1.1" 302 245 "-" "Mozilla/5.0 (Macintosh; Intel Mac OS X 10_6_8) AppleWebKit/535.1 (KHTML, like Gecko) Chrome/13.0.782.220 Safari/535.1"
209.163.151.243 - - [02/Aug/2015:11:38:41 -0500] "GET / HTTP/1.1" 302 245 "-" "Mozilla/5.0 (Macintosh; Intel Mac OS X 10_6_8) AppleWebKit/535.1 (KHTML, like Gecko) Chrome/13.0.782.220 Safari/535.1"
209.163.151.243 - - [02/Aug/2015:11:38:42 -0500] "GET / HTTP/1.1" 302 245 "-" "Mozilla/5.0 (Macintosh; Intel Mac OS X 10_6_8) AppleWebKit/535.1 (KHTML, like Gecko) Chrome/13.0.782.220 Safari/535.1"
209.163.151.243 - - [02/Aug/2015:11:38:43 -0500] "GET / HTTP/1.1" 302 245 "-" "Mozilla/5.0 (Macintosh; Intel Mac OS X 10_6_8) AppleWebKit/535.1 (KHTML, like Gecko) Chrome/13.0.782.220 Safari/535.1"
209.163.151.243 - - [02/Aug/2015:11:38:45 -0500] "GET / HTTP/1.1" 302 245 "-" "Mozilla/5.0 (Macintosh; Intel Mac OS X 10_6_8) AppleWebKit/535.1 (KHTML, like Gecko) Chrome/13.0.782.220 Safari/535.1"
209.163.151.243 - - [02/Aug/2015:11:38:46 -0500] "GET / HTTP/1.1" 302 245 "-" "Mozilla/5.0 (Macintosh; Intel Mac OS X 10_6_8) AppleWebKit/535.1 (KHTML, like Gecko) Chrome/13.0.782.220 Safari/535.1"
209.163.151.243 - - [02/Aug/2015:11:38:47 -0500] "GET / HTTP/1.1" 302 245 "-" "Mozilla/5.0 (Macintosh; Intel Mac OS X 10_6_8) AppleWebKit/535.1 (KHTML, like Gecko) Chrome/13.0.782.220 Safari/535.1"
209.163.151.243 - - [02/Aug/2015:11:38:48 -0500] "GET / HTTP/1.0" 302 264 "-" "-"
209.163.151.243 - - [02/Aug/2015:11:38:48 -0500] "GET /thisPageDoesNotExist.html HTTP/1.1" 404 501 "-" "Mozilla/5.0 (Macintosh; Intel Mac OS X 10_6_8) AppleWebKit/535.1 (KHTML, like Gecko) Chrome/13.0.782.220 Safari/535.1"
209.163.151.243 - - [02/Aug/2015:11:38:48 -0500] "OPTIONS /thisPageDoesNotExist.html HTTP/1.1" 200 185 "-" "Mozilla/5.0 (Macintosh; Intel Mac OS X 10_6_8) AppleWebKit/535.1 (KHTML, like Gecko) Chrome/13.0.782.220 Safari/535.1"
209.163.151.243 - - [02/Aug/2015:11:38:48 -0500] "TRACE /thisPageDoesNotExist.html HTTP/1.1" 405 544 "-" "Mozilla/5.0 (Macintosh; Intel Mac OS X 10_6_8) AppleWebKit/535.1 (KHTML, like Gecko) Chrome/13.0.782.220 Safari/535.1"
209.163.151.243 - - [02/Aug/2015:11:38:48 -0500] "FINGERPRINT / HTTP/1.1" 302 245 "-" "Mozilla/5.0 (Macintosh; Intel Mac OS X 10_6_8) AppleWebKit/535.1 (KHTML, like Gecko) Chrome/13.0.782.220 Safari/535.1"
209.163.151.243 - - [02/Aug/2015:11:38:48 -0500] "GET /favicon.ico HTTP/1.1" 404 487 "-" "Mozilla/5.0 (Macintosh; Intel Mac OS X 10_6_8) AppleWebKit/535.1 (KHTML, like Gecko) Chrome/13.0.782.220 Safari/535.1"
209.163.151.243 - - [02/Aug/2015:11:38:48 -0500] "GET /docs/index_en.html HTTP/1.1" 404 536 "-" "Mozilla/5.0 (Macintosh; Intel Mac OS X 10_6_8) AppleWebKit/535.1 (KHTML, like Gecko) Chrome/13.0.782.220 Safari/535.1"
209.163.151.243 - - [02/Aug/2015:11:38:49 -0500] "GET /employee/login.jsp HTTP/1.1" 404 536 "-" "Mozilla/5.0 (Macintosh; Intel Mac OS X 10_6_8) AppleWebKit/535.1 (KHTML, like Gecko) Chrome/13.0.782.220 Safari/535.1"
209.163.151.243 - - [02/Aug/2015:11:38:49 -0500] "GET /nagios/cgi-bin/status.cgi?host=1 HTTP/1.1" 404 543 "-" "Mozilla/5.0 (Macintosh; Intel Mac OS X 10_6_8) AppleWebKit/535.1 (KHTML, like Gecko) Chrome/13.0.782.220 Safari/535.1"
209.163.151.243 - - [02/Aug/2015:11:38:49 -0500] "GET /cgi-bin/awstats.pl HTTP/1.1" 404 536 "-" "Mozilla/5.0 (Macintosh; Intel Mac OS X 10_6_8) AppleWebKit/535.1 (KHTML, like Gecko) Chrome/13.0.782.220 Safari/535.1"
209.163.151.243 - - [02/Aug/2015:11:38:49 -0500] "GET /cgi-bin/awstats.cgi HTTP/1.1" 404 537 "-" "Mozilla/5.0 (Macintosh; Intel Mac OS X 10_6_8) AppleWebKit/535.1 (KHTML, like Gecko) Chrome/13.0.782.220 Safari/535.1"
209.163.151.243 - - [02/Aug/2015:11:38:50 -0500] "GET /login HTTP/1.1" 404 523 "-" "Mozilla/5.0 (Macintosh; Intel Mac OS X 10_6_8) AppleWebKit/535.1 (KHTML, like Gecko) Chrome/13.0.782.220 Safari/535.1"
209.163.151.243 - - [02/Aug/2015:11:38:50 -0500] "GET /crowd HTTP/1.1" 404 466 "-" "Mozilla/5.0 (Macintosh; Intel Mac OS X 10_6_8) AppleWebKit/535.1 (KHTML, like Gecko) Chrome/13.0.782.220 Safari/535.1"
209.163.151.243 - - [02/Aug/2015:11:38:50 -0500] "GET /perl/ HTTP/1.1" 404 523 "-" "Mozilla/5.0 (Macintosh; Intel Mac OS X 10_6_8) AppleWebKit/535.1 (KHTML, like Gecko) Chrome/13.0.782.220 Safari/535.1"
209.163.151.243 - - [02/Aug/2015:11:38:50 -0500] "GET / HTTP/1.1" 302 347 "-" "Mozilla/5.0 (Macintosh; Intel Mac OS X 10_6_8) AppleWebKit/535.1 (KHTML, like Gecko) Chrome/13.0.782.220 Safari/535.1"
209.163.151.243 - - [02/Aug/2015:11:38:51 -0500] "GET /sawmill?rfcf+%22/etc/passwd%22+spbn+1,1,21,1,1,1,1,1,1,1,1,1+3 HTTP/1.1" 404 525 "-" "Mozilla/5.0 (Macintosh; Intel Mac OS X 10_6_8) AppleWebKit/535.1 (KHTML, like Gecko) Chrome/13.0.782.220 Safari/535.1"
209.163.151.243 - - [02/Aug/2015:11:38:51 -0500] "GET /webspirs.cgi?sp.nextform=../../../../../../../../../etc/passwd HTTP/1.1" 404 473 "-" "Mozilla/5.0 (Macintosh; Intel Mac OS X 10_6_8) AppleWebKit/535.1 (KHTML, like Gecko) Chrome/13.0.782.220 Safari/535.1"
209.163.151.243 - - [02/Aug/2015:11:38:51 -0500] "GET /PJreview_Neo.cgi?p=../../../../../../../../../../etc/passwd HTTP/1.1" 404 477 "-" "Mozilla/5.0 (Macintosh; Intel Mac OS X 10_6_8) AppleWebKit/535.1 (KHTML, like Gecko) Chrome/13.0.782.220 Safari/535.1"
209.163.151.243 - - [02/Aug/2015:11:38:51 -0500] "GET /zml.cgi?file=../../../../../../../../../../../../etc/passwd HTTP/1.1" 404 468 "-" "Mozilla/5.0 (Macintosh; Intel Mac OS X 10_6_8) AppleWebKit/535.1 (KHTML, like Gecko) Chrome/13.0.782.220 Safari/535.1"
209.163.151.243 - - [02/Aug/2015:11:38:51 -0500] "GET /sojourn.cgi?cat=../../../../../etc/passwd%00 HTTP/1.1" 404 472 "-" "Mozilla/5.0 (Macintosh; Intel Mac OS X 10_6_8) AppleWebKit/535.1 (KHTML, like Gecko) Chrome/13.0.782.220 Safari/535.1"
209.163.151.243 - - [02/Aug/2015:11:38:51 -0500] "GET /cal_make.pl?p0=../../../../../../../../../../../../../etc/passwd%00 HTTP/1.1" 404 472 "-" "Mozilla/5.0 (Macintosh; Intel Mac OS X 10_6_8) AppleWebKit/535.1 (KHTML, like Gecko) Chrome/13.0.782.220 Safari/535.1"
209.163.151.243 - - [02/Aug/2015:11:38:51 -0500] "GET /pfdispaly.cgi?../../../../../../../../../../../../../etc/passwd HTTP/1.1" 404 474 "-" "Mozilla/5.0 (Macintosh; Intel Mac OS X 10_6_8) AppleWebKit/535.1 (KHTML, like Gecko) Chrome/13.0.782.220 Safari/535.1"
209.163.151.243 - - [02/Aug/2015:11:38:51 -0500] "GET /pfdisplay.cgi?../../../../../../../../../../../../../etc/passwd HTTP/1.1" 404 474 "-" "Mozilla/5.0 (Macintosh; Intel Mac OS X 10_6_8) AppleWebKit/535.1 (KHTML, like Gecko) Chrome/13.0.782.220 Safari/535.1"
209.163.151.243 - - [02/Aug/2015:11:38:51 -0500] "GET /main.cgi?board=FREE_BOARD&command=down_load&filename=/../../../../../../../../../../../../../../../etc/passwd HTTP/1.1" 404 469 "-" "Mozilla/5.0 (Macintosh; Intel Mac OS X 10_6_8) AppleWebKit/535.1 (KHTML, like Gecko) Chrome/13.0.782.220 Safari/535.1"
209.163.151.243 - - [02/Aug/2015:11:38:51 -0500] "GET /technote/main.cgi?board=FREE_BOARD&command=down_load&filename=/../../../../../../../../../../../../../../../etc/passwd HTTP/1.1" 404 478 "-" "Mozilla/5.0 (Macintosh; Intel Mac OS X 10_6_8) AppleWebKit/535.1 (KHTML, like Gecko) Chrome/13.0.782.220 Safari/535.1"
209.163.151.243 - - [02/Aug/2015:11:38:51 -0500] "GET /way-board.cgi?db=/etc/passwd%00 HTTP/1.1" 404 474 "-" "Mozilla/5.0 (Macintosh; Intel Mac OS X 10_6_8) AppleWebKit/535.1 (KHTML, like Gecko) Chrome/13.0.782.220 Safari/535.1"
209.163.151.243 - - [02/Aug/2015:11:38:51 -0500] "GET /way-board/way-board.cgi?db=/etc/passwd%00 HTTP/1.1" 404 484 "-" "Mozilla/5.0 (Macintosh; Intel Mac OS X 10_6_8) AppleWebKit/535.1 (KHTML, like Gecko) Chrome/13.0.782.220 Safari/535.1"
209.163.151.243 - - [02/Aug/2015:11:38:51 -0500] "GET /search.pl?form=../../../../../../../../../../../../etc/passwd%00 HTTP/1.1" 404 470 "-" "Mozilla/5.0 (Macintosh; Intel Mac OS X 10_6_8) AppleWebKit/535.1 (KHTML, like Gecko) Chrome/13.0.782.220 Safari/535.1"
209.163.151.243 - - [02/Aug/2015:11:38:52 -0500] "GET /ROADS/search.pl?form=../../../../../../../../../../../../etc/passwd%00 HTTP/1.1" 404 476 "-" "Mozilla/5.0 (Macintosh; Intel Mac OS X 10_6_8) AppleWebKit/535.1 (KHTML, like Gecko) Chrome/13.0.782.220 Safari/535.1"
209.163.151.243 - - [02/Aug/2015:11:38:52 -0500] "GET /ROADS/cgi-bin/search.pl?form=../../../../../../../../../../../../etc/passwd%00 HTTP/1.1" 404 484 "-" "Mozilla/5.0 (Macintosh; Intel Mac OS X 10_6_8) AppleWebKit/535.1 (KHTML, like Gecko) Chrome/13.0.782.220 Safari/535.1"
209.163.151.243 - - [02/Aug/2015:11:38:52 -0500] "GET /search.cgi?form=../../../../../../../../../../../../etc/passwd%00 HTTP/1.1" 404 471 "-" "Mozilla/5.0 (Macintosh; Intel Mac OS X 10_6_8) AppleWebKit/535.1 (KHTML, like Gecko) Chrome/13.0.782.220 Safari/535.1"
209.163.151.243 - - [02/Aug/2015:11:38:52 -0500] "GET /ROADS/search.cgi?form=../../../../../../../../../../../../etc/passwd%00 HTTP/1.1" 404 477 "-" "Mozilla/5.0 (Macintosh; Intel Mac OS X 10_6_8) AppleWebKit/535.1 (KHTML, like Gecko) Chrome/13.0.782.220 Safari/535.1"
209.163.151.243 - - [02/Aug/2015:11:38:52 -0500] "GET /ROADS/cgi-bin/search.cgi?form=../../../../../../../../../../../../etc/passwd%00 HTTP/1.1" 404 485 "-" "Mozilla/5.0 (Macintosh; Intel Mac OS X 10_6_8) AppleWebKit/535.1 (KHTML, like Gecko) Chrome/13.0.782.220 Safari/535.1"
209.163.151.243 - - [02/Aug/2015:11:38:52 -0500] "GET /pollit/Poll_It_SSI_v2.0.cgi?data_dir=/etc/passwd%00 HTTP/1.1" 404 488 "-" "Mozilla/5.0 (Macintosh; Intel Mac OS X 10_6_8) AppleWebKit/535.1 (KHTML, like Gecko) Chrome/13.0.782.220 Safari/535.1"
209.163.151.243 - - [02/Aug/2015:11:38:52 -0500] "GET /source?v=../../../../../../../../../../etc/passwd%00 HTTP/1.1" 404 467 "-" "Mozilla/5.0 (Macintosh; Intel Mac OS X 10_6_8) AppleWebKit/535.1 (KHTML, like Gecko) Chrome/13.0.782.220 Safari/535.1"
209.163.151.243 - - [02/Aug/2015:11:38:52 -0500] "GET /sendtemp.pl?templ=../../../../../../../../../../../../etc/passwd HTTP/1.1" 404 472 "-" "Mozilla/5.0 (Macintosh; Intel Mac OS X 10_6_8) AppleWebKit/535.1 (KHTML, like Gecko) Chrome/13.0.782.220 Safari/535.1"
209.163.151.243 - - [02/Aug/2015:11:38:52 -0500] "GET /sendtemp.cgi?templ=../../../../../../../../../../../../etc/passwd HTTP/1.1" 404 473 "-" "Mozilla/5.0 (Macintosh; Intel Mac OS X 10_6_8) AppleWebKit/535.1 (KHTML, like Gecko) Chrome/13.0.782.220 Safari/535.1"
209.163.151.243 - - [02/Aug/2015:11:38:52 -0500] "GET /php.cgi?/etc/passwd HTTP/1.1" 404 468 "-" "Mozilla/5.0 (Macintosh; Intel Mac OS X 10_6_8) AppleWebKit/535.1 (KHTML, like Gecko) Chrome/13.0.782.220 Safari/535.1"
209.163.151.243 - - [02/Aug/2015:11:38:52 -0500] "GET /phf?QALIAS=x%0a/bin/cat%20/etc/passwd HTTP/1.1" 404 464 "-" "Mozilla/5.0 (Macintosh; Intel Mac OS X 10_6_8) AppleWebKit/535.1 (KHTML, like Gecko) Chrome/13.0.782.220 Safari/535.1"
209.163.151.243 - - [02/Aug/2015:11:38:52 -0500] "GET /dcforum.cgi?az=list&forum=../../../../../../../../../../../etc/passwd%00 HTTP/1.1" 404 472 "-" "Mozilla/5.0 (Macintosh; Intel Mac OS X 10_6_8) AppleWebKit/535.1 (KHTML, like Gecko) Chrome/13.0.782.220 Safari/535.1"
209.163.151.243 - - [02/Aug/2015:11:38:53 -0500] "GET /logbook.pl?file=../../../../../../../../../bin/cat%20/etc/passwd%00| HTTP/1.1" 404 471 "-" "Mozilla/5.0 (Macintosh; Intel Mac OS X 10_6_8) AppleWebKit/535.1 (KHTML, like Gecko) Chrome/13.0.782.220 Safari/535.1"
209.163.151.243 - - [02/Aug/2015:11:38:53 -0500] "GET /logbook.cgi?file=../../../../../../../../../bin/cat%20/etc/passwd%00| HTTP/1.1" 404 472 "-" "Mozilla/5.0 (Macintosh; Intel Mac OS X 10_6_8) AppleWebKit/535.1 (KHTML, like Gecko) Chrome/13.0.782.220 Safari/535.1"
209.163.151.243 - - [02/Aug/2015:11:38:53 -0500] "GET /cgi-bin/pdesk.cgi?lang=../../../../../../../../../../etc/passwd%00 HTTP/1.1" 404 478 "-" "Mozilla/5.0 (Macintosh; Intel Mac OS X 10_6_8) AppleWebKit/535.1 (KHTML, like Gecko) Chrome/13.0.782.220 Safari/535.1"
209.163.151.243 - - [02/Aug/2015:11:38:53 -0500] "GET /YaBB.pl?board=news&action=display&num=../../../../../../../../../etc/passwd%00 HTTP/1.1" 404 468 "-" "Mozilla/5.0 (Macintosh; Intel Mac OS X 10_6_8) AppleWebKit/535.1 (KHTML, like Gecko) Chrome/13.0.782.220 Safari/535.1"
209.163.151.243 - - [02/Aug/2015:11:38:53 -0500] "GET /r.cgi?FILE=../../../../../../../../../../../../../../../etc/passwd HTTP/1.1" 404 466 "-" "Mozilla/5.0 (Macintosh; Intel Mac OS X 10_6_8) AppleWebKit/535.1 (KHTML, like Gecko) Chrome/13.0.782.220 Safari/535.1"
209.163.151.243 - - [02/Aug/2015:11:38:53 -0500] "GET /pals-cgi?palsAction=restart&documentName=/etc/passwd HTTP/1.1" 404 469 "-" "Mozilla/5.0 (Macintosh; Intel Mac OS X 10_6_8) AppleWebKit/535.1 (KHTML, like Gecko) Chrome/13.0.782.220 Safari/535.1"
209.163.151.243 - - [02/Aug/2015:11:38:53 -0500] "GET /directorypro.cgi?want=showcat&show=../../../../../etc/passwd%00 HTTP/1.1" 404 477 "-" "Mozilla/5.0 (Macintosh; Intel Mac OS X 10_6_8) AppleWebKit/535.1 (KHTML, like Gecko) Chrome/13.0.782.220 Safari/535.1"
209.163.151.243 - - [02/Aug/2015:11:38:53 -0500] "GET /whois_raw.cgi?fqdn=%0Acat%20/etc/passwd HTTP/1.1" 404 474 "-" "Mozilla/5.0 (Macintosh; Intel Mac OS X 10_6_8) AppleWebKit/535.1 (KHTML, like Gecko) Chrome/13.0.782.220 Safari/535.1"
209.163.151.243 - - [02/Aug/2015:11:38:53 -0500] "GET /story.pl?next=../../../../../../../../../../../../etc/passwd%00 HTTP/1.1" 404 469 "-" "Mozilla/5.0 (Macintosh; Intel Mac OS X 10_6_8) AppleWebKit/535.1 (KHTML, like Gecko) Chrome/13.0.782.220 Safari/535.1"
209.163.151.243 - - [02/Aug/2015:11:38:53 -0500] "GET /story/story.pl?next=../../../../../../../../../../../../etc/passwd%00 HTTP/1.1" 404 475 "-" "Mozilla/5.0 (Macintosh; Intel Mac OS X 10_6_8) AppleWebKit/535.1 (KHTML, like Gecko) Chrome/13.0.782.220 Safari/535.1"
209.163.151.243 - - [02/Aug/2015:11:38:53 -0500] "GET /story.cgi?next=../../../../../../../../../../../../etc/passwd%00 HTTP/1.1" 404 470 "-" "Mozilla/5.0 (Macintosh; Intel Mac OS X 10_6_8) AppleWebKit/535.1 (KHTML, like Gecko) Chrome/13.0.782.220 Safari/535.1"
209.163.151.243 - - [02/Aug/2015:11:38:53 -0500] "GET /story/story.cgi?next=../../../../../../../../../../../../etc/passwd%00 HTTP/1.1" 404 476 "-" "Mozilla/5.0 (Macintosh; Intel Mac OS X 10_6_8) AppleWebKit/535.1 (KHTML, like Gecko) Chrome/13.0.782.220 Safari/535.1"
209.163.151.243 - - [02/Aug/2015:11:38:53 -0500] "GET /store.cgi?StartID=../../../../../../../../../../../../etc/passwd%00.html HTTP/1.1" 404 470 "-" "Mozilla/5.0 (Macintosh; Intel Mac OS X 10_6_8) AppleWebKit/535.1 (KHTML, like Gecko) Chrome/13.0.782.220 Safari/535.1"
209.163.151.243 - - [02/Aug/2015:11:38:54 -0500] "GET /juddi/ HTTP/1.1" 404 524 "-" "Mozilla/5.0 (Macintosh; Intel Mac OS X 10_6_8) AppleWebKit/535.1 (KHTML, like Gecko) Chrome/13.0.782.220 Safari/535.1"
209.163.151.243 - - [02/Aug/2015:11:38:54 -0500] "GET /solr/ HTTP/1.1" 404 523 "-" "Mozilla/5.0 (Macintosh; Intel Mac OS X 10_6_8) AppleWebKit/535.1 (KHTML, like Gecko) Chrome/13.0.782.220 Safari/535.1"
127.0.0.1 - - [02/Aug/2015:11:39:07 -0500] "OPTIONS * HTTP/1.0" 200 152 "-" "Apache/2.2.22 (Ubuntu) (internal dummy connection)"
127.0.0.1 - - [02/Aug/2015:11:39:08 -0500] "OPTIONS * HTTP/1.0" 200 152 "-" "Apache/2.2.22 (Ubuntu) (internal dummy connection)"
127.0.0.1 - - [02/Aug/2015:11:39:09 -0500] "OPTIONS * HTTP/1.0" 200 152 "-" "Apache/2.2.22 (Ubuntu) (internal dummy connection)"
209.163.151.243 - - [02/Aug/2015:11:39:12 -0500] "GET / HTTP/1.0" 302 264 "-" "-"
209.163.151.243 - - [02/Aug/2015:11:39:12 -0500] "GET / HTTP/1.0" 302 264 "-" "-"
209.163.151.243 - - [02/Aug/2015:11:39:12 -0500] "GET / HTTP/1.0" 302 264 "-" "-"
209.163.151.243 - - [02/Aug/2015:11:39:12 -0500] "GET / HTTP/1.0" 302 264 "-" "-"
209.163.151.243 - - [02/Aug/2015:11:39:12 -0500] "GET / HTTP/1.0" 302 264 "-" "-"
127.0.0.1 - - [02/Aug/2015:11:39:12 -0500] "OPTIONS * HTTP/1.0" 200 152 "-" "Apache/2.2.22 (Ubuntu) (internal dummy connection)"
209.163.151.243 - - [02/Aug/2015:11:39:12 -0500] "GET /axis/servlet/AxisServlet HTTP/1.1" 404 542 "-" "Mozilla/5.0 (Macintosh; Intel Mac OS X 10_6_8) AppleWebKit/535.1 (KHTML, like Gecko) Chrome/13.0.782.220 Safari/535.1"
209.163.151.243 - - [02/Aug/2015:11:39:12 -0500] "GET /BusinessProcessBI/ HTTP/1.1" 404 479 "-" "Mozilla/5.0 (Macintosh; Intel Mac OS X 10_6_8) AppleWebKit/535.1 (KHTML, like Gecko) Chrome/13.0.782.220 Safari/535.1"
209.163.151.243 - - [02/Aug/2015:11:39:12 -0500] "GET /dswsbobje/ HTTP/1.1" 404 471 "-" "Mozilla/5.0 (Macintosh; Intel Mac OS X 10_6_8) AppleWebKit/535.1 (KHTML, like Gecko) Chrome/13.0.782.220 Safari/535.1"
209.163.151.243 - - [02/Aug/2015:11:39:12 -0500] "GET /WebServiceImpl/axis2-web/ HTTP/1.1" 404 486 "-" "Mozilla/5.0 (Macintosh; Intel Mac OS X 10_6_8) AppleWebKit/535.1 (KHTML, like Gecko) Chrome/13.0.782.220 Safari/535.1"
209.163.151.243 - - [02/Aug/2015:11:39:12 -0500] "GET /imcws/axis2-admin/ HTTP/1.1" 404 479 "-" "Mozilla/5.0 (Macintosh; Intel Mac OS X 10_6_8) AppleWebKit/535.1 (KHTML, like Gecko) Chrome/13.0.782.220 Safari/535.1"
209.163.151.243 - - [02/Aug/2015:11:39:12 -0500] "GET /axis2/ HTTP/1.1" 404 467 "-" "Mozilla/5.0 (Macintosh; Intel Mac OS X 10_6_8) AppleWebKit/535.1 (KHTML, like Gecko) Chrome/13.0.782.220 Safari/535.1"
209.163.151.243 - - [02/Aug/2015:11:39:13 -0500] "GET /livesite/install HTTP/1.1" 404 534 "-" "Mozilla/5.0 (Macintosh; Intel Mac OS X 10_6_8) AppleWebKit/535.1 (KHTML, like Gecko) Chrome/13.0.782.220 Safari/535.1"
127.0.0.1 - - [02/Aug/2015:11:39:13 -0500] "OPTIONS * HTTP/1.0" 200 152 "-" "Apache/2.2.22 (Ubuntu) (internal dummy connection)"
209.163.151.243 - - [02/Aug/2015:11:39:13 -0500] "GET /CmcApp/logon.faces HTTP/1.1" 404 536 "-" "Mozilla/5.0 (Macintosh; Intel Mac OS X 10_6_8) AppleWebKit/535.1 (KHTML, like Gecko) Chrome/13.0.782.220 Safari/535.1"
209.163.151.243 - - [02/Aug/2015:11:39:13 -0500] "POST /dswsbobje/services/session HTTP/1.1" 404 487 "-" "Axis2"
209.163.151.243 - - [02/Aug/2015:11:39:13 -0500] "GET /AnalyticalReporting/AnalyticalReporting_merge_web.xml HTTP/1.1" 404 514 "-" "Mozilla/5.0 (Macintosh; Intel Mac OS X 10_6_8) AppleWebKit/535.1 (KHTML, like Gecko) Chrome/13.0.782.220 Safari/535.1"
209.163.151.243 - - [02/Aug/2015:11:39:13 -0500] "GET /examples/index.html HTTP/1.1" 404 537 "-" "Mozilla/5.0 (Macintosh; Intel Mac OS X 10_6_8) AppleWebKit/535.1 (KHTML, like Gecko) Chrome/13.0.782.220 Safari/535.1"
209.163.151.243 - - [02/Aug/2015:11:39:13 -0500] "POST /examples/index.html HTTP/1.1" 404 480 "-" "Mozilla/5.0 (Macintosh; Intel Mac OS X 10_6_8) AppleWebKit/535.1 (KHTML, like Gecko) Chrome/13.0.782.220 Safari/535.1"
209.163.151.243 - - [02/Aug/2015:11:39:14 -0500] "GET /examples/index.html HTTP/1.1" 404 480 "-" "Mozilla/5.0 (Macintosh; Intel Mac OS X 10_6_8) AppleWebKit/535.1 (KHTML, like Gecko) Chrome/13.0.782.220 Safari/535.1"
209.163.151.243 - - [02/Aug/2015:11:39:14 -0500] "POST /examples/index.html HTTP/1.1" 404 480 "-" "Mozilla/5.0 (Macintosh; Intel Mac OS X 10_6_8) AppleWebKit/535.1 (KHTML, like Gecko) Chrome/13.0.782.220 Safari/535.1"
209.163.151.243 - - [02/Aug/2015:11:39:14 -0500] "GET /examples/index.html HTTP/1.1" 404 480 "-" "Mozilla/5.0 (Macintosh; Intel Mac OS X 10_6_8) AppleWebKit/535.1 (KHTML, like Gecko) Chrome/13.0.782.220 Safari/535.1"
127.0.0.1 - - [02/Aug/2015:11:39:14 -0500] "OPTIONS * HTTP/1.0" 200 152 "-" "Apache/2.2.22 (Ubuntu) (internal dummy connection)"
209.163.151.243 - - [02/Aug/2015:11:39:14 -0500] "GET /pls/simpledad/admin_/gateway.htm?schema=sample HTTP/1.1" 404 550 "-" "Mozilla/5.0 (Macintosh; Intel Mac OS X 10_6_8) AppleWebKit/535.1 (KHTML, like Gecko) Chrome/13.0.782.220 Safari/535.1"
209.163.151.243 - - [02/Aug/2015:11:39:14 -0500] "GET /server-status HTTP/1.1" 403 478 "-" "Mozilla/5.0 (Macintosh; Intel Mac OS X 10_6_8) AppleWebKit/535.1 (KHTML, like Gecko) Chrome/13.0.782.220 Safari/535.1"
209.163.151.243 - - [02/Aug/2015:11:39:14 -0500] "GET /server-status.html HTTP/1.1" 404 479 "-" "Mozilla/5.0 (Macintosh; Intel Mac OS X 10_6_8) AppleWebKit/535.1 (KHTML, like Gecko) Chrome/13.0.782.220 Safari/535.1"
209.163.151.243 - - [02/Aug/2015:11:39:14 -0500] "GET /servstatus HTTP/1.1" 404 471 "-" "Mozilla/5.0 (Macintosh; Intel Mac OS X 10_6_8) AppleWebKit/535.1 (KHTML, like Gecko) Chrome/13.0.782.220 Safari/535.1"
209.163.151.243 - - [02/Aug/2015:11:39:14 -0500] "GET /soapdocs/webapps/soap/WEB-INF/config/soapConfig.xml HTTP/1.1" 404 512 "-" "Mozilla/5.0 (Macintosh; Intel Mac OS X 10_6_8) AppleWebKit/535.1 (KHTML, like Gecko) Chrome/13.0.782.220 Safari/535.1"
209.163.151.243 - - [02/Aug/2015:11:39:14 -0500] "GET /server-info HTTP/1.1" 404 529 "-" "Mozilla/5.0 (Macintosh; Intel Mac OS X 10_6_8) AppleWebKit/535.1 (KHTML, like Gecko) Chrome/13.0.782.220 Safari/535.1"
209.163.151.243 - - [02/Aug/2015:11:39:15 -0500] "GET /server-info.html HTTP/1.1" 404 477 "-" "Mozilla/5.0 (Macintosh; Intel Mac OS X 10_6_8) AppleWebKit/535.1 (KHTML, like Gecko) Chrome/13.0.782.220 Safari/535.1"
209.163.151.243 - - [02/Aug/2015:11:39:15 -0500] "GET /servinfo HTTP/1.1" 404 469 "-" "Mozilla/5.0 (Macintosh; Intel Mac OS X 10_6_8) AppleWebKit/535.1 (KHTML, like Gecko) Chrome/13.0.782.220 Safari/535.1"
209.163.151.243 - - [02/Aug/2015:11:39:15 -0500] "GET /pls/portal30/admin_/ HTTP/1.1" 404 481 "-" "Mozilla/5.0 (Macintosh; Intel Mac OS X 10_6_8) AppleWebKit/535.1 (KHTML, like Gecko) Chrome/13.0.782.220 Safari/535.1"
209.163.151.243 - - [02/Aug/2015:11:39:15 -0500] "GET /soap/servlet/soaprouter HTTP/1.1" 404 484 "-" "Mozilla/5.0 (Macintosh; Intel Mac OS X 10_6_8) AppleWebKit/535.1 (KHTML, like Gecko) Chrome/13.0.782.220 Safari/535.1"
209.163.151.243 - - [02/Aug/2015:11:39:15 -0500] "GET /nonexistent.jsp HTTP/1.1" 404 476 "-" "Mozilla/5.0 (Macintosh; Intel Mac OS X 10_6_8) AppleWebKit/535.1 (KHTML, like Gecko) Chrome/13.0.782.220 Safari/535.1"
127.0.0.1 - - [02/Aug/2015:11:39:15 -0500] "OPTIONS * HTTP/1.0" 200 152 "-" "Apache/2.2.22 (Ubuntu) (internal dummy connection)"
209.163.151.243 - - [02/Aug/2015:11:39:15 -0500] "GET /pls/help/<SCRIPT>alert(document.domain)</SCRIPT> HTTP/1.1" 404 521 "-" "Mozilla/5.0 (Macintosh; Intel Mac OS X 10_6_8) AppleWebKit/535.1 (KHTML, like Gecko) Chrome/13.0.782.220 Safari/535.1"
209.163.151.243 - - [02/Aug/2015:11:39:15 -0500] "GET /.DS_Store HTTP/1.1" 404 470 "-" "Mozilla/5.0 (Macintosh; Intel Mac OS X 10_6_8) AppleWebKit/535.1 (KHTML, like Gecko) Chrome/13.0.782.220 Safari/535.1"
209.163.151.243 - - [02/Aug/2015:11:39:15 -0500] "GET /pls/sample/admin_/help..%255cplsql.conf HTTP/1.1" 404 498 "-" "Mozilla/5.0 (Macintosh; Intel Mac OS X 10_6_8) AppleWebKit/535.1 (KHTML, like Gecko) Chrome/13.0.782.220 Safari/535.1"
209.163.151.243 - - [02/Aug/2015:11:39:15 -0500] "GET /demo/ojspext/events/globals.jsa HTTP/1.1" 404 492 "-" "Mozilla/5.0 (Macintosh; Intel Mac OS X 10_6_8) AppleWebKit/535.1 (KHTML, like Gecko) Chrome/13.0.782.220 Safari/535.1"
209.163.151.243 - - [02/Aug/2015:11:39:15 -0500] "GET /.FBC_Index HTTP/1.1" 404 471 "-" "Mozilla/5.0 (Macintosh; Intel Mac OS X 10_6_8) AppleWebKit/535.1 (KHTML, like Gecko) Chrome/13.0.782.220 Safari/535.1"
209.163.151.243 - - [02/Aug/2015:11:39:15 -0500] "GET /dms0 HTTP/1.1" 404 465 "-" "Mozilla/5.0 (Macintosh; Intel Mac OS X 10_6_8) AppleWebKit/535.1 (KHTML, like Gecko) Chrome/13.0.782.220 Safari/535.1"
209.163.151.243 - - [02/Aug/2015:11:39:15 -0500] "GET /oprocmgr-status HTTP/1.1" 404 476 "-" "Mozilla/5.0 (Macintosh; Intel Mac OS X 10_6_8) AppleWebKit/535.1 (KHTML, like Gecko) Chrome/13.0.782.220 Safari/535.1"
209.163.151.243 - - [02/Aug/2015:11:39:15 -0500] "GET /ReleaseNotes.html HTTP/1.1" 404 478 "-" "Mozilla/5.0 (Macintosh; Intel Mac OS X 10_6_8) AppleWebKit/535.1 (KHTML, like Gecko) Chrome/13.0.782.220 Safari/535.1"
209.163.151.243 - - [02/Aug/2015:11:39:16 -0500] "GET /docs/apiDocs/packages.html HTTP/1.1" 404 487 "-" "Mozilla/5.0 (Macintosh; Intel Mac OS X 10_6_8) AppleWebKit/535.1 (KHTML, like Gecko) Chrome/13.0.782.220 Safari/535.1"
209.163.151.243 - - [02/Aug/2015:11:39:16 -0500] "GET /docs/apiDocs/org.apache.soap.util.xml.XMISerializer.html HTTP/1.1" 404 517 "-" "Mozilla/5.0 (Macintosh; Intel Mac OS X 10_6_8) AppleWebKit/535.1 (KHTML, like Gecko) Chrome/13.0.782.220 Safari/535.1"
209.163.151.243 - - [02/Aug/2015:11:39:16 -0500] "GET /?M=A HTTP/1.1" 302 245 "-" "Mozilla/5.0 (Macintosh; Intel Mac OS X 10_6_8) AppleWebKit/535.1 (KHTML, like Gecko) Chrome/13.0.782.220 Safari/535.1"
209.163.151.243 - - [02/Aug/2015:11:39:16 -0500] "GET /site/eg/source.asp?file=source.asp HTTP/1.1" 404 479 "-" "Mozilla/5.0 (Macintosh; Intel Mac OS X 10_6_8) AppleWebKit/535.1 (KHTML, like Gecko) Chrome/13.0.782.220 Safari/535.1"
209.163.151.243 - - [02/Aug/2015:11:39:16 -0500] "GET /doc/ HTTP/1.1" 403 469 "-" "Mozilla/5.0 (Macintosh; Intel Mac OS X 10_6_8) AppleWebKit/535.1 (KHTML, like Gecko) Chrome/13.0.782.220 Safari/535.1"
209.163.151.243 - - [02/Aug/2015:11:39:16 -0500] "GET /doc/packages/ HTTP/1.1" 403 478 "-" "Mozilla/5.0 (Macintosh; Intel Mac OS X 10_6_8) AppleWebKit/535.1 (KHTML, like Gecko) Chrome/13.0.782.220 Safari/535.1"
209.163.151.243 - - [02/Aug/2015:11:39:16 -0500] "GET /~nosuchuserddi HTTP/1.1" 404 475 "-" "Mozilla/5.0 (Macintosh; Intel Mac OS X 10_6_8) AppleWebKit/535.1 (KHTML, like Gecko) Chrome/13.0.782.220 Safari/535.1"
209.163.151.243 - - [02/Aug/2015:11:39:16 -0500] "GET /~apache HTTP/1.1" 404 468 "-" "Mozilla/5.0 (Macintosh; Intel Mac OS X 10_6_8) AppleWebKit/535.1 (KHTML, like Gecko) Chrome/13.0.782.220 Safari/535.1"
209.163.151.243 - - [02/Aug/2015:11:39:16 -0500] "GET /~bin HTTP/1.1" 404 465 "-" "Mozilla/5.0 (Macintosh; Intel Mac OS X 10_6_8) AppleWebKit/535.1 (KHTML, like Gecko) Chrome/13.0.782.220 Safari/535.1"
209.163.151.243 - - [02/Aug/2015:11:39:16 -0500] "GET /~daemon HTTP/1.1" 404 468 "-" "Mozilla/5.0 (Macintosh; Intel Mac OS X 10_6_8) AppleWebKit/535.1 (KHTML, like Gecko) Chrome/13.0.782.220 Safari/535.1"
209.163.151.243 - - [02/Aug/2015:11:39:16 -0500] "GET /~ftp HTTP/1.1" 404 465 "-" "Mozilla/5.0 (Macintosh; Intel Mac OS X 10_6_8) AppleWebKit/535.1 (KHTML, like Gecko) Chrome/13.0.782.220 Safari/535.1"
209.163.151.243 - - [02/Aug/2015:11:39:17 -0500] "GET /~guest HTTP/1.1" 404 467 "-" "Mozilla/5.0 (Macintosh; Intel Mac OS X 10_6_8) AppleWebKit/535.1 (KHTML, like Gecko) Chrome/13.0.782.220 Safari/535.1"
209.163.151.243 - - [02/Aug/2015:11:39:17 -0500] "GET /~games HTTP/1.1" 404 467 "-" "Mozilla/5.0 (Macintosh; Intel Mac OS X 10_6_8) AppleWebKit/535.1 (KHTML, like Gecko) Chrome/13.0.782.220 Safari/535.1"
209.163.151.243 - - [02/Aug/2015:11:39:17 -0500] "GET /~haldaemon HTTP/1.1" 404 471 "-" "Mozilla/5.0 (Macintosh; Intel Mac OS X 10_6_8) AppleWebKit/535.1 (KHTML, like Gecko) Chrome/13.0.782.220 Safari/535.1"
209.163.151.243 - - [02/Aug/2015:11:39:17 -0500] "GET /~http HTTP/1.1" 404 466 "-" "Mozilla/5.0 (Macintosh; Intel Mac OS X 10_6_8) AppleWebKit/535.1 (KHTML, like Gecko) Chrome/13.0.782.220 Safari/535.1"
209.163.151.243 - - [02/Aug/2015:11:39:17 -0500] "GET /~httpd HTTP/1.1" 404 467 "-" "Mozilla/5.0 (Macintosh; Intel Mac OS X 10_6_8) AppleWebKit/535.1 (KHTML, like Gecko) Chrome/13.0.782.220 Safari/535.1"
209.163.151.243 - - [02/Aug/2015:11:39:17 -0500] "GET /~log HTTP/1.1" 404 465 "-" "Mozilla/5.0 (Macintosh; Intel Mac OS X 10_6_8) AppleWebKit/535.1 (KHTML, like Gecko) Chrome/13.0.782.220 Safari/535.1"
209.163.151.243 - - [02/Aug/2015:11:39:17 -0500] "GET /~logs HTTP/1.1" 404 466 "-" "Mozilla/5.0 (Macintosh; Intel Mac OS X 10_6_8) AppleWebKit/535.1 (KHTML, like Gecko) Chrome/13.0.782.220 Safari/535.1"
209.163.151.243 - - [02/Aug/2015:11:39:17 -0500] "GET /~lp HTTP/1.1" 404 464 "-" "Mozilla/5.0 (Macintosh; Intel Mac OS X 10_6_8) AppleWebKit/535.1 (KHTML, like Gecko) Chrome/13.0.782.220 Safari/535.1"
209.163.151.243 - - [02/Aug/2015:11:39:17 -0500] "GET /~mail HTTP/1.1" 404 466 "-" "Mozilla/5.0 (Macintosh; Intel Mac OS X 10_6_8) AppleWebKit/535.1 (KHTML, like Gecko) Chrome/13.0.782.220 Safari/535.1"
209.163.151.243 - - [02/Aug/2015:11:39:17 -0500] "GET /~man HTTP/1.1" 404 465 "-" "Mozilla/5.0 (Macintosh; Intel Mac OS X 10_6_8) AppleWebKit/535.1 (KHTML, like Gecko) Chrome/13.0.782.220 Safari/535.1"
209.163.151.243 - - [02/Aug/2015:11:39:17 -0500] "GET /~messagebus HTTP/1.1" 404 472 "-" "Mozilla/5.0 (Macintosh; Intel Mac OS X 10_6_8) AppleWebKit/535.1 (KHTML, like Gecko) Chrome/13.0.782.220 Safari/535.1"
209.163.151.243 - - [02/Aug/2015:11:39:17 -0500] "GET /~news HTTP/1.1" 404 466 "-" "Mozilla/5.0 (Macintosh; Intel Mac OS X 10_6_8) AppleWebKit/535.1 (KHTML, like Gecko) Chrome/13.0.782.220 Safari/535.1"
209.163.151.243 - - [02/Aug/2015:11:39:18 -0500] "GET /~nobody HTTP/1.1" 404 468 "-" "Mozilla/5.0 (Macintosh; Intel Mac OS X 10_6_8) AppleWebKit/535.1 (KHTML, like Gecko) Chrome/13.0.782.220 Safari/535.1"
209.163.151.243 - - [02/Aug/2015:11:39:18 -0500] "GET /~root HTTP/1.1" 404 466 "-" "Mozilla/5.0 (Macintosh; Intel Mac OS X 10_6_8) AppleWebKit/535.1 (KHTML, like Gecko) Chrome/13.0.782.220 Safari/535.1"
209.163.151.243 - - [02/Aug/2015:11:39:18 -0500] "GET /~sshd HTTP/1.1" 404 466 "-" "Mozilla/5.0 (Macintosh; Intel Mac OS X 10_6_8) AppleWebKit/535.1 (KHTML, like Gecko) Chrome/13.0.782.220 Safari/535.1"
209.163.151.243 - - [02/Aug/2015:11:39:18 -0500] "GET /~uucp HTTP/1.1" 404 466 "-" "Mozilla/5.0 (Macintosh; Intel Mac OS X 10_6_8) AppleWebKit/535.1 (KHTML, like Gecko) Chrome/13.0.782.220 Safari/535.1"
209.163.151.243 - - [02/Aug/2015:11:39:18 -0500] "GET /~www HTTP/1.1" 404 465 "-" "Mozilla/5.0 (Macintosh; Intel Mac OS X 10_6_8) AppleWebKit/535.1 (KHTML, like Gecko) Chrome/13.0.782.220 Safari/535.1"
209.163.151.243 - - [02/Aug/2015:11:39:18 -0500] "GET /demo/ojspext/events/index.jsp HTTP/1.1" 404 490 "-" "Mozilla/5.0 (Macintosh; Intel Mac OS X 10_6_8) AppleWebKit/535.1 (KHTML, like Gecko) Chrome/13.0.782.220 Safari/535.1"
127.0.0.1 - - [02/Aug/2015:11:39:19 -0500] "OPTIONS * HTTP/1.0" 200 152 "-" "Apache/2.2.22 (Ubuntu) (internal dummy connection)"
209.163.151.243 - - [02/Aug/2015:11:39:19 -0500] "GET /favicon.iso?4745545f4241434b3b3230392e3136332e3135312e3234333b38303835 HTTP/1.1" 404 529 "-" "Mozilla/5.0 (Macintosh; Intel Mac OS X 10_6_8) AppleWebKit/535.1 (KHTML, like Gecko) Chrome/13.0.782.220 Safari/535.1"
209.163.151.243 - - [02/Aug/2015:11:39:20 -0500] "GET /index.php HTTP/1.1" 302 302 "-" "Mozilla/5.0 (Macintosh; Intel Mac OS X 10_6_8) AppleWebKit/535.1 (KHTML, like Gecko) Chrome/13.0.782.220 Safari/535.1"
209.163.151.243 - - [02/Aug/2015:11:39:20 -0500] "GET /pma/index.php HTTP/1.1" 404 474 "-" "Mozilla/5.0 (Macintosh; Intel Mac OS X 10_6_8) AppleWebKit/535.1 (KHTML, like Gecko) Chrome/13.0.782.220 Safari/535.1"
209.163.151.243 - - [02/Aug/2015:11:39:20 -0500] "GET /phpMyAdmin/index.php HTTP/1.1" 404 481 "-" "Mozilla/5.0 (Macintosh; Intel Mac OS X 10_6_8) AppleWebKit/535.1 (KHTML, like Gecko) Chrome/13.0.782.220 Safari/535.1"
209.163.151.243 - - [02/Aug/2015:11:39:20 -0500] "GET /phpmyadmin/index.php HTTP/1.1" 200 8390 "-" "Mozilla/5.0 (Macintosh; Intel Mac OS X 10_6_8) AppleWebKit/535.1 (KHTML, like Gecko) Chrome/13.0.782.220 Safari/535.1"
209.163.151.243 - - [02/Aug/2015:11:39:21 -0500] "GET /login.php HTTP/1.1" 404 527 "-" "Mozilla/5.0 (Macintosh; Intel Mac OS X 10_6_8) AppleWebKit/535.1 (KHTML, like Gecko) Chrome/13.0.782.220 Safari/535.1"
209.163.151.243 - - [02/Aug/2015:11:39:21 -0500] "GET /config_bak.php HTTP/1.1" 404 532 "-" "Mozilla/5.0 (Macintosh; Intel Mac OS X 10_6_8) AppleWebKit/535.1 (KHTML, like Gecko) Chrome/13.0.782.220 Safari/535.1"
209.163.151.243 - - [02/Aug/2015:11:39:21 -0500] "GET /cgi-bin-sdb/printenv HTTP/1.1" 404 538 "-" "Mozilla/5.0 (Macintosh; Intel Mac OS X 10_6_8) AppleWebKit/535.1 (KHTML, like Gecko) Chrome/13.0.782.220 Safari/535.1"
209.163.151.243 - - [02/Aug/2015:11:39:21 -0500] "GET /cgi-bin-sdb/sdbsearch.cgi HTTP/1.1" 404 486 "-" "Mozilla/5.0 (Macintosh; Intel Mac OS X 10_6_8) AppleWebKit/535.1 (KHTML, like Gecko) Chrome/13.0.782.220 Safari/535.1"
209.163.151.243 - - [02/Aug/2015:11:39:22 -0500] "GET /phorum/admin.php HTTP/1.1" 404 534 "-" "Mozilla/5.0 (Macintosh; Intel Mac OS X 10_6_8) AppleWebKit/535.1 (KHTML, like Gecko) Chrome/13.0.782.220 Safari/535.1"
209.163.151.243 - - [02/Aug/2015:11:39:22 -0500] "GET /admin.php HTTP/1.1" 404 470 "-" "Mozilla/5.0 (Macintosh; Intel Mac OS X 10_6_8) AppleWebKit/535.1 (KHTML, like Gecko) Chrome/13.0.782.220 Safari/535.1"
209.163.151.243 - - [02/Aug/2015:11:39:22 -0500] "GET /forum/admin.php HTTP/1.1" 404 476 "-" "Mozilla/5.0 (Macintosh; Intel Mac OS X 10_6_8) AppleWebKit/535.1 (KHTML, like Gecko) Chrome/13.0.782.220 Safari/535.1"
209.163.151.243 - - [02/Aug/2015:11:39:22 -0500] "GET /admin/index.php HTTP/1.1" 404 476 "-" "Mozilla/5.0 (Macintosh; Intel Mac OS X 10_6_8) AppleWebKit/535.1 (KHTML, like Gecko) Chrome/13.0.782.220 Safari/535.1"
209.163.151.243 - - [02/Aug/2015:11:39:22 -0500] "GET /forum/admin/index.php HTTP/1.1" 404 482 "-" "Mozilla/5.0 (Macintosh; Intel Mac OS X 10_6_8) AppleWebKit/535.1 (KHTML, like Gecko) Chrome/13.0.782.220 Safari/535.1"
209.163.151.243 - - [02/Aug/2015:11:39:22 -0500] "GET /phorum/admin/index.php HTTP/1.1" 404 483 "-" "Mozilla/5.0 (Macintosh; Intel Mac OS X 10_6_8) AppleWebKit/535.1 (KHTML, like Gecko) Chrome/13.0.782.220 Safari/535.1"
209.163.151.243 - - [02/Aug/2015:11:39:23 -0500] "GET /horde/docs/RELEASE_NOTES HTTP/1.1" 404 542 "-" "Mozilla/5.0 (Macintosh; Intel Mac OS X 10_6_8) AppleWebKit/535.1 (KHTML, like Gecko) Chrome/13.0.782.220 Safari/535.1"
209.163.151.243 - - [02/Aug/2015:11:39:23 -0500] "GET /horde/index.php HTTP/1.1" 501 476 "-" "Mozilla/5.0 (Macintosh; Intel Mac OS X 10_6_8) AppleWebKit/535.1 (KHTML, like Gecko) Chrome/13.0.782.220 Safari/535.1"
209.163.151.243 - - [02/Aug/2015:11:39:24 -0500] "GET /MRcgi/MRentrancePage.pl HTTP/1.1" 501 541 "-" "Mozilla/5.0 (Macintosh; Intel Mac OS X 10_6_8) AppleWebKit/535.1 (KHTML, like Gecko) Chrome/13.0.782.220 Safari/535.1"
